2026-03-09 23:23:38,706 - WARNING - [SKIP] Length mismatch for ./data/Kayser_Op20-14_AlexandrosIakovou/annotation.csv: Original=1697, Revised=1699
2026-03-09 23:23:39,332 - WARNING - [SKIP] Length mismatch for ./data/Kayser_Op20-19_AlexandrosIakovou/annotation.csv: Original=702, Revised=762
2026-03-09 23:23:39,816 - WARNING - [SKIP] Length mismatch for ./data/Kayser_Op20-24_AlexandrosIakovou/annotation.csv: Original=693, Revised=699
2026-03-09 23:23:42,254 - WARNING - [SKIP] Length mismatch for ./data/Paganini_Op01-06_AlicanSuner/annotation.csv: Original=5344, Revised=5375
2026-03-09 23:23:42,423 - WARNING - [SKIP] Length mismatch for ./data/Paganini_Op01-08_AlicanSuner/annotation.csv: Original=1375, Revised=1405
2026-03-09 23:23:43,271 - WARNING - [SKIP] Length mismatch for ./data/Paganini_Op01-14_AlicanSuner/annotation.csv: Original=934, Revised=944
2026-03-09 23:23:44,388 - WARNING - [SKIP] Length mismatch for ./data/Paganini_Op01-23_InmoYang/annotation.csv: Original=1764, Revised=1769
2026-03-09 23:23:44,647 - WARNING - [SKIP] Length mismatch for ./data/Wohlfahrt_Op45-01_BochanKang/annotation.csv: Original=1314, Revised=2079
2026-03-09 23:23:44,809 - WARNING - [SKIP] Length mismatch for ./data/Wohlfahrt_Op45-02_BochanKang/annotation.csv: Original=1542, Revised=1814
2026-03-09 23:23:45,000 - WARNING - [SKIP] Length mismatch for ./data/Wohlfahrt_Op45-03_BochanKang/annotation.csv: Original=1692, Revised=2173
2026-03-09 23:23:45,149 - WARNING - [SKIP] Length mismatch for ./data/Wohlfahrt_Op45-05_BochanKang/annotation.csv: Original=985, Revised=1197
2026-03-09 23:23:45,378 - WARNING - [SKIP] Length mismatch for ./data/Wohlfahrt_Op45-07_BochanKang/annotation.csv: Original=2839, Revised=3530
2026-03-09 23:23:45,702 - WARNING - [SKIP] Length mismatch for ./data/Wohlfahrt_Op45-11_BochanKang/annotation.csv: Original=773, Revised=756
2026-03-09 23:23:45,765 - WARNING - [SKIP] Length mismatch for ./data/Wohlfahrt_Op45-12_BochanKang/annotation.csv: Original=477, Revised=691
2026-03-09 23:23:45,827 - WARNING - [SKIP] Length mismatch for ./data/Wohlfahrt_Op45-13_BochanKang/annotation.csv: Original=498, Revised=488
2026-03-09 23:23:45,882 - WARNING - [SKIP] Length mismatch for ./data/Wohlfahrt_Op45-14_BochanKang/annotation.csv: Original=603, Revised=1022
2026-03-09 23:23:45,936 - WARNING - [SKIP] Length mismatch for ./data/Wohlfahrt_Op45-15_BochanKang/annotation.csv: Original=505, Revised=1698
2026-03-09 23:23:45,988 - WARNING - [SKIP] Length mismatch for ./data/Wohlfahrt_Op45-16_BochanKang/annotation.csv: Original=208, Revised=395
2026-03-09 23:23:46,037 - WARNING - [SKIP] Length mismatch for ./data/Wohlfahrt_Op45-17_BochanKang/annotation.csv: Original=890, Revised=911
2026-03-09 23:23:46,092 - WARNING - [SKIP] Length mismatch for ./data/Wohlfahrt_Op45-18_BochanKang/annotation.csv: Original=1291, Revised=2064
2026-03-09 23:23:46,158 - WARNING - [SKIP] Length mismatch for ./data/Wohlfahrt_Op45-19_BochanKang/annotation.csv: Original=1656, Revised=1869
2026-03-09 23:23:46,214 - WARNING - [SKIP] Length mismatch for ./data/Wohlfahrt_Op45-20_BochanKang/annotation.csv: Original=583, Revised=591
2026-03-09 23:23:46,311 - WARNING - [SKIP] Length mismatch for ./data/Wohlfahrt_Op45-21_BochanKang/annotation.csv: Original=1757, Revised=1810
2026-03-09 23:23:46,378 - WARNING - [SKIP] Length mismatch for ./data/Wohlfahrt_Op45-22_BochanKang/annotation.csv: Original=867, Revised=1308
2026-03-09 23:23:46,430 - WARNING - [SKIP] Length mismatch for ./data/Wohlfahrt_Op45-23_BochanKang/annotation.csv: Original=633, Revised=719
2026-03-09 23:23:46,525 - WARNING - [SKIP] Length mismatch for ./data/Wohlfahrt_Op45-25_BochanKang/annotation.csv: Original=326, Revised=608
2026-03-09 23:23:46,572 - WARNING - [SKIP] Length mismatch for ./data/Wohlfahrt_Op45-26_BochanKang/annotation.csv: Original=240, Revised=456
2026-03-09 23:23:46,968 - WARNING - [SKIP] Length mismatch for ./data/Wohlfahrt_Op45-33_BochanKang/annotation.csv: Original=949, Revised=948
2026-03-09 23:23:47,038 - WARNING - [SKIP] Length mismatch for ./data/Wohlfahrt_Op45-34_BochanKang/annotation.csv: Original=2859, Revised=4832
2026-03-09 23:23:47,159 - WARNING - [SKIP] Length mismatch for ./data/Wohlfahrt_Op45-36_BochanKang/annotation.csv: Original=1844, Revised=1847
2026-03-09 23:23:47,360 - WARNING - [SKIP] Length mismatch for ./data/Wohlfahrt_Op45-39_BochanKang/annotation.csv: Original=406, Revised=1198
2026-03-09 23:23:47,472 - WARNING - [SKIP] Length mismatch for ./data/Wohlfahrt_Op45-41_BochanKang/annotation.csv: Original=977, Revised=1488
2026-03-09 23:23:47,874 - WARNING - [SKIP] Length mismatch for ./data/Wohlfahrt_Op45-49_BochanKang/annotation.csv: Original=1646, Revised=1739
2026-03-09 23:23:48,155 - WARNING - [SKIP] Length mismatch for ./data/Wohlfahrt_Op45-52_JPRafferty/annotation.csv: Original=2510, Revised=2540
 